Copyright 1986-2022 Xilinx, Inc. All Rights Reserved.
--------------------------------------------------------------------------------------------------------------------------------------
| Tool Version : Vivado v.2022.2 (win64) Build 3671981 Fri Oct 14 05:00:03 MDT 2022
| Date         : Tue Apr  8 13:05:22 2025
| Host         : DESKTOP-PVV6JB1 running 64-bit major release  (build 9200)
| Command      : report_utilization -hierarchical -file D://IDEA//NTT_Kara_25//KaraNTT_code//Reports//Poly//utilization_by_module.rpt
| Design       : Poly_top
| Device       : xcvu9p-flga2104-2L-e
| Speed File   : -2L
| Design State : Routed
--------------------------------------------------------------------------------------------------------------------------------------

Utilization Design Information

Table of Contents
-----------------
1. Utilization by Hierarchy

1. Utilization by Hierarchy
---------------------------

+-------------------------------------------------+-----------------------+------------+------------+---------+------+-------+--------+--------+------+------------+
|                     Instance                    |         Module        | Total LUTs | Logic LUTs | LUTRAMs | SRLs |  FFs  | RAMB36 | RAMB18 | URAM | DSP Blocks |
+-------------------------------------------------+-----------------------+------------+------------+---------+------+-------+--------+--------+------+------------+
| Poly_top                                        |                 (top) |      87881 |      87431 |       0 |  450 | 42913 |     96 |     32 |    0 |       1842 |
|   (Poly_top)                                    |                 (top) |       1374 |       1374 |       0 |    0 |   770 |      0 |      0 |    0 |          0 |
|   barrett_reducers[0].u_barrett_reduce          |        barrett_reduce |        282 |        282 |       0 |    0 |   188 |      0 |      0 |    0 |         10 |
|   barrett_reducers[10].u_barrett_reduce         |      barrett_reduce_0 |        282 |        282 |       0 |    0 |   188 |      0 |      0 |    0 |         10 |
|   barrett_reducers[11].u_barrett_reduce         |      barrett_reduce_1 |        252 |        252 |       0 |    0 |   188 |      0 |      0 |    0 |         10 |
|   barrett_reducers[12].u_barrett_reduce         |      barrett_reduce_2 |        282 |        282 |       0 |    0 |   188 |      0 |      0 |    0 |         10 |
|   barrett_reducers[13].u_barrett_reduce         |      barrett_reduce_3 |        252 |        252 |       0 |    0 |   188 |      0 |      0 |    0 |         10 |
|   barrett_reducers[14].u_barrett_reduce         |      barrett_reduce_4 |        282 |        282 |       0 |    0 |   188 |      0 |      0 |    0 |         10 |
|   barrett_reducers[15].u_barrett_reduce         |      barrett_reduce_5 |        252 |        252 |       0 |    0 |   188 |      0 |      0 |    0 |         10 |
|   barrett_reducers[1].u_barrett_reduce          |      barrett_reduce_6 |        252 |        252 |       0 |    0 |   188 |      0 |      0 |    0 |         10 |
|   barrett_reducers[2].u_barrett_reduce          |      barrett_reduce_7 |        282 |        282 |       0 |    0 |   188 |      0 |      0 |    0 |         10 |
|   barrett_reducers[3].u_barrett_reduce          |      barrett_reduce_8 |        252 |        252 |       0 |    0 |   188 |      0 |      0 |    0 |         10 |
|   barrett_reducers[4].u_barrett_reduce          |      barrett_reduce_9 |        282 |        282 |       0 |    0 |   188 |      0 |      0 |    0 |         10 |
|   barrett_reducers[5].u_barrett_reduce          |     barrett_reduce_10 |        252 |        252 |       0 |    0 |   188 |      0 |      0 |    0 |         10 |
|   barrett_reducers[6].u_barrett_reduce          |     barrett_reduce_11 |        305 |        305 |       0 |    0 |   188 |      0 |      0 |    0 |         10 |
|   barrett_reducers[7].u_barrett_reduce          |     barrett_reduce_12 |        252 |        252 |       0 |    0 |   188 |      0 |      0 |    0 |         10 |
|   barrett_reducers[8].u_barrett_reduce          |     barrett_reduce_13 |        282 |        282 |       0 |    0 |   188 |      0 |      0 |    0 |         10 |
|   barrett_reducers[9].u_barrett_reduce          |     barrett_reduce_14 |        252 |        252 |       0 |    0 |   188 |      0 |      0 |    0 |         10 |
|   bram_bank[0].u_a_bram                         |                  BRAM |         90 |         90 |       0 |    0 |     0 |      3 |      1 |    0 |          0 |
|   bram_bank[0].u_b_bram                         |               BRAM_15 |         91 |         91 |       0 |    0 |     0 |      3 |      1 |    0 |          0 |
|   bram_bank[10].u_a_bram                        |               BRAM_16 |          2 |          2 |       0 |    0 |     0 |      3 |      1 |    0 |          0 |
|   bram_bank[10].u_b_bram                        |               BRAM_17 |          3 |          3 |       0 |    0 |     0 |      3 |      1 |    0 |          0 |
|   bram_bank[11].u_a_bram                        |               BRAM_18 |          3 |          3 |       0 |    0 |     0 |      3 |      1 |    0 |          0 |
|   bram_bank[11].u_b_bram                        |               BRAM_19 |          2 |          2 |       0 |    0 |     0 |      3 |      1 |    0 |          0 |
|   bram_bank[12].u_a_bram                        |               BRAM_20 |          3 |          3 |       0 |    0 |     0 |      3 |      1 |    0 |          0 |
|   bram_bank[12].u_b_bram                        |               BRAM_21 |          2 |          2 |       0 |    0 |     0 |      3 |      1 |    0 |          0 |
|   bram_bank[13].u_a_bram                        |               BRAM_22 |          2 |          2 |       0 |    0 |     0 |      3 |      1 |    0 |          0 |
|   bram_bank[13].u_b_bram                        |               BRAM_23 |          3 |          3 |       0 |    0 |     0 |      3 |      1 |    0 |          0 |
|   bram_bank[14].u_a_bram                        |               BRAM_24 |          3 |          3 |       0 |    0 |     0 |      3 |      1 |    0 |          0 |
|   bram_bank[14].u_b_bram                        |               BRAM_25 |          2 |          2 |       0 |    0 |     0 |      3 |      1 |    0 |          0 |
|   bram_bank[15].u_a_bram                        |               BRAM_26 |          2 |          2 |       0 |    0 |     0 |      3 |      1 |    0 |          0 |
|   bram_bank[15].u_b_bram                        |               BRAM_27 |          4 |          4 |       0 |    0 |     0 |      3 |      1 |    0 |          0 |
|   bram_bank[1].u_a_bram                         |               BRAM_28 |         90 |         90 |       0 |    0 |     0 |      3 |      1 |    0 |          0 |
|   bram_bank[1].u_b_bram                         |               BRAM_29 |         90 |         90 |       0 |    0 |     0 |      3 |      1 |    0 |          0 |
|   bram_bank[2].u_a_bram                         |               BRAM_30 |         70 |         70 |       0 |    0 |     0 |      3 |      1 |    0 |          0 |
|   bram_bank[2].u_b_bram                         |               BRAM_31 |         69 |         69 |       0 |    0 |     0 |      3 |      1 |    0 |          0 |
|   bram_bank[3].u_a_bram                         |               BRAM_32 |         92 |         92 |       0 |    0 |     0 |      3 |      1 |    0 |          0 |
|   bram_bank[3].u_b_bram                         |               BRAM_33 |         93 |         93 |       0 |    0 |     0 |      3 |      1 |    0 |          0 |
|   bram_bank[4].u_a_bram                         |               BRAM_34 |         93 |         93 |       0 |    0 |     0 |      3 |      1 |    0 |          0 |
|   bram_bank[4].u_b_bram                         |               BRAM_35 |         92 |         92 |       0 |    0 |     0 |      3 |      1 |    0 |          0 |
|   bram_bank[5].u_a_bram                         |               BRAM_36 |         93 |         93 |       0 |    0 |     0 |      3 |      1 |    0 |          0 |
|   bram_bank[5].u_b_bram                         |               BRAM_37 |         92 |         92 |       0 |    0 |     0 |      3 |      1 |    0 |          0 |
|   bram_bank[6].u_a_bram                         |               BRAM_38 |         69 |         69 |       0 |    0 |     0 |      3 |      1 |    0 |          0 |
|   bram_bank[6].u_b_bram                         |               BRAM_39 |         68 |         68 |       0 |    0 |     0 |      3 |      1 |    0 |          0 |
|   bram_bank[7].u_a_bram                         |               BRAM_40 |         92 |         92 |       0 |    0 |     0 |      3 |      1 |    0 |          0 |
|   bram_bank[7].u_b_bram                         |               BRAM_41 |         93 |         93 |       0 |    0 |     0 |      3 |      1 |    0 |          0 |
|   bram_bank[8].u_a_bram                         |               BRAM_42 |          3 |          3 |       0 |    0 |     0 |      3 |      1 |    0 |          0 |
|   bram_bank[8].u_b_bram                         |               BRAM_43 |          2 |          2 |       0 |    0 |     0 |      3 |      1 |    0 |          0 |
|   bram_bank[9].u_a_bram                         |               BRAM_44 |          3 |          3 |       0 |    0 |     0 |      3 |      1 |    0 |          0 |
|   bram_bank[9].u_b_bram                         |               BRAM_45 |          2 |          2 |       0 |    0 |     0 |      3 |      1 |    0 |          0 |
|   cwm_a[0].u0_mod_mult_barrett                  |      mod_mult_barrett |        306 |        306 |       0 |    0 |   184 |      0 |      0 |    0 |         14 |
|   cwm_a[0].u1_mod_mult_barrett                  |   mod_mult_barrett_46 |        306 |        306 |       0 |    0 |   184 |      0 |      0 |    0 |         14 |
|   cwm_a[10].u0_mod_mult_barrett                 |   mod_mult_barrett_47 |        307 |        307 |       0 |    0 |   184 |      0 |      0 |    0 |         14 |
|   cwm_a[10].u1_mod_mult_barrett                 |   mod_mult_barrett_48 |        307 |        307 |       0 |    0 |   184 |      0 |      0 |    0 |         14 |
|   cwm_a[11].u0_mod_mult_barrett                 |   mod_mult_barrett_49 |        330 |        330 |       0 |    0 |   184 |      0 |      0 |    0 |         14 |
|   cwm_a[11].u1_mod_mult_barrett                 |   mod_mult_barrett_50 |        331 |        331 |       0 |    0 |   184 |      0 |      0 |    0 |         14 |
|   cwm_a[12].u0_mod_mult_barrett                 |   mod_mult_barrett_51 |        307 |        307 |       0 |    0 |   184 |      0 |      0 |    0 |         14 |
|   cwm_a[12].u1_mod_mult_barrett                 |   mod_mult_barrett_52 |        307 |        307 |       0 |    0 |   184 |      0 |      0 |    0 |         14 |
|   cwm_a[13].u0_mod_mult_barrett                 |   mod_mult_barrett_53 |        299 |        299 |       0 |    0 |   184 |      0 |      0 |    0 |         14 |
|   cwm_a[13].u1_mod_mult_barrett                 |   mod_mult_barrett_54 |        300 |        300 |       0 |    0 |   184 |      0 |      0 |    0 |         14 |
|   cwm_a[14].u0_mod_mult_barrett                 |   mod_mult_barrett_55 |        338 |        338 |       0 |    0 |   184 |      0 |      0 |    0 |         14 |
|   cwm_a[14].u1_mod_mult_barrett                 |   mod_mult_barrett_56 |        339 |        339 |       0 |    0 |   184 |      0 |      0 |    0 |         14 |
|   cwm_a[15].u0_mod_mult_barrett                 |   mod_mult_barrett_57 |        299 |        299 |       0 |    0 |   184 |      0 |      0 |    0 |         14 |
|   cwm_a[15].u1_mod_mult_barrett                 |   mod_mult_barrett_58 |        299 |        299 |       0 |    0 |   184 |      0 |      0 |    0 |         14 |
|   cwm_a[1].u0_mod_mult_barrett                  |   mod_mult_barrett_59 |        374 |        374 |       0 |    0 |   184 |      0 |      0 |    0 |         14 |
|   cwm_a[1].u1_mod_mult_barrett                  |   mod_mult_barrett_60 |        362 |        362 |       0 |    0 |   184 |      0 |      0 |    0 |         14 |
|   cwm_a[2].u0_mod_mult_barrett                  |   mod_mult_barrett_61 |        307 |        307 |       0 |    0 |   184 |      0 |      0 |    0 |         14 |
|   cwm_a[2].u1_mod_mult_barrett                  |   mod_mult_barrett_62 |        306 |        306 |       0 |    0 |   184 |      0 |      0 |    0 |         14 |
|   cwm_a[3].u0_mod_mult_barrett                  |   mod_mult_barrett_63 |        330 |        330 |       0 |    0 |   184 |      0 |      0 |    0 |         14 |
|   cwm_a[3].u1_mod_mult_barrett                  |   mod_mult_barrett_64 |        331 |        331 |       0 |    0 |   184 |      0 |      0 |    0 |         14 |
|   cwm_a[4].u0_mod_mult_barrett                  |   mod_mult_barrett_65 |        308 |        308 |       0 |    0 |   184 |      0 |      0 |    0 |         14 |
|   cwm_a[4].u1_mod_mult_barrett                  |   mod_mult_barrett_66 |        308 |        308 |       0 |    0 |   184 |      0 |      0 |    0 |         14 |
|   cwm_a[5].u0_mod_mult_barrett                  |   mod_mult_barrett_67 |        301 |        301 |       0 |    0 |   184 |      0 |      0 |    0 |         14 |
|   cwm_a[5].u1_mod_mult_barrett                  |   mod_mult_barrett_68 |        301 |        301 |       0 |    0 |   184 |      0 |      0 |    0 |         14 |
|   cwm_a[6].u0_mod_mult_barrett                  |   mod_mult_barrett_69 |        338 |        338 |       0 |    0 |   184 |      0 |      0 |    0 |         14 |
|   cwm_a[6].u1_mod_mult_barrett                  |   mod_mult_barrett_70 |        339 |        339 |       0 |    0 |   184 |      0 |      0 |    0 |         14 |
|   cwm_a[7].u0_mod_mult_barrett                  |   mod_mult_barrett_71 |        299 |        299 |       0 |    0 |   184 |      0 |      0 |    0 |         14 |
|   cwm_a[7].u1_mod_mult_barrett                  |   mod_mult_barrett_72 |        299 |        299 |       0 |    0 |   184 |      0 |      0 |    0 |         14 |
|   cwm_a[8].u0_mod_mult_barrett                  |   mod_mult_barrett_73 |        307 |        307 |       0 |    0 |   184 |      0 |      0 |    0 |         14 |
|   cwm_a[8].u1_mod_mult_barrett                  |   mod_mult_barrett_74 |        307 |        307 |       0 |    0 |   184 |      0 |      0 |    0 |         14 |
|   cwm_a[9].u0_mod_mult_barrett                  |   mod_mult_barrett_75 |        390 |        390 |       0 |    0 |   184 |      0 |      0 |    0 |         14 |
|   cwm_a[9].u1_mod_mult_barrett                  |   mod_mult_barrett_76 |        361 |        361 |       0 |    0 |   184 |      0 |      0 |    0 |         14 |
|   elem_mult                                     |      elementwise_mult |      34101 |      34101 |       0 |    0 |  7846 |      0 |      0 |    0 |        324 |
|   eval_a_b                                      |            evaluation |       4466 |       4466 |       0 |    0 |  6184 |      0 |      0 |    0 |          0 |
|   interp                                        |         interpolation |       3099 |       3099 |       0 |    0 |  6324 |      0 |      0 |    0 |          0 |
|   u0_CT_BU_array                                |           CT_BU_array |      13593 |      13593 |       0 |    0 |  5916 |      0 |      0 |    0 |        448 |
|     stage0[0].u0_ct_butterfly_unit              | ct_butterfly_unit_233 |        495 |        495 |       0 |    0 |   185 |      0 |      0 |    0 |         14 |
|       u0_mod_add                                |           mod_add_358 |        124 |        124 |       0 |    0 |     0 |      0 |      0 |    0 |          0 |
|       u0_mod_mult_barrett                       |  mod_mult_barrett_359 |        333 |        333 |       0 |    0 |   185 |      0 |      0 |    0 |         14 |
|       u0_mod_sub                                |           mod_sub_360 |         39 |         39 |       0 |    0 |     0 |      0 |      0 |    0 |          0 |
|     stage0[1].u0_ct_butterfly_unit              | ct_butterfly_unit_234 |        528 |        528 |       0 |    0 |   185 |      0 |      0 |    0 |         14 |
|       u0_mod_add                                |           mod_add_355 |         95 |         95 |       0 |    0 |     0 |      0 |      0 |    0 |          0 |
|       u0_mod_mult_barrett                       |  mod_mult_barrett_356 |        334 |        334 |       0 |    0 |   185 |      0 |      0 |    0 |         14 |
|       u0_mod_sub                                |           mod_sub_357 |         99 |         99 |       0 |    0 |     0 |      0 |      0 |    0 |          0 |
|     stage0[2].u0_ct_butterfly_unit              | ct_butterfly_unit_235 |        569 |        569 |       0 |    0 |   185 |      0 |      0 |    0 |         14 |
|       u0_mod_add                                |           mod_add_352 |        183 |        183 |       0 |    0 |     0 |      0 |      0 |    0 |          0 |
|       u0_mod_mult_barrett                       |  mod_mult_barrett_353 |        348 |        348 |       0 |    0 |   185 |      0 |      0 |    0 |         14 |
|       u0_mod_sub                                |           mod_sub_354 |         38 |         38 |       0 |    0 |     0 |      0 |      0 |    0 |          0 |
|     stage0[3].u0_ct_butterfly_unit              | ct_butterfly_unit_236 |        495 |        495 |       0 |    0 |   185 |      0 |      0 |    0 |         14 |
|       u0_mod_add                                |           mod_add_349 |        124 |        124 |       0 |    0 |     0 |      0 |      0 |    0 |          0 |
|       u0_mod_mult_barrett                       |  mod_mult_barrett_350 |        337 |        337 |       0 |    0 |   185 |      0 |      0 |    0 |         14 |
|       u0_mod_sub                                |           mod_sub_351 |         34 |         34 |       0 |    0 |     0 |      0 |      0 |    0 |          0 |
|     stage0[4].u0_ct_butterfly_unit              | ct_butterfly_unit_237 |        349 |        349 |       0 |    0 |   185 |      0 |      0 |    0 |         14 |
|       u0_mod_add                                |           mod_add_346 |         15 |         15 |       0 |    0 |     0 |      0 |      0 |    0 |          0 |
|       u0_mod_mult_barrett                       |  mod_mult_barrett_347 |        334 |        334 |       0 |    0 |   185 |      0 |      0 |    0 |         14 |
|       u0_mod_sub                                |           mod_sub_348 |          0 |          0 |       0 |    0 |     0 |      0 |      0 |    0 |          0 |
|     stage0[5].u0_ct_butterfly_unit              | ct_butterfly_unit_238 |        348 |        348 |       0 |    0 |   185 |      0 |      0 |    0 |         14 |
|       u0_mod_add                                |           mod_add_343 |         15 |         15 |       0 |    0 |     0 |      0 |      0 |    0 |          0 |
|       u0_mod_mult_barrett                       |  mod_mult_barrett_344 |        333 |        333 |       0 |    0 |   185 |      0 |      0 |    0 |         14 |
|       u0_mod_sub                                |           mod_sub_345 |          0 |          0 |       0 |    0 |     0 |      0 |      0 |    0 |          0 |
|     stage0[6].u0_ct_butterfly_unit              | ct_butterfly_unit_239 |        383 |        383 |       0 |    0 |   185 |      0 |      0 |    0 |         14 |
|       u0_mod_add                                |           mod_add_340 |         38 |         38 |       0 |    0 |     0 |      0 |      0 |    0 |          0 |
|       u0_mod_mult_barrett                       |  mod_mult_barrett_341 |        345 |        345 |       0 |    0 |   185 |      0 |      0 |    0 |         14 |
|       u0_mod_sub                                |           mod_sub_342 |          1 |          1 |       0 |    0 |     0 |      0 |      0 |    0 |          0 |
|     stage0[7].u0_ct_butterfly_unit              | ct_butterfly_unit_240 |        348 |        348 |       0 |    0 |   185 |      0 |      0 |    0 |         14 |
|       u0_mod_add                                |           mod_add_337 |         15 |         15 |       0 |    0 |     0 |      0 |      0 |    0 |          0 |
|       u0_mod_mult_barrett                       |  mod_mult_barrett_338 |        333 |        333 |       0 |    0 |   185 |      0 |      0 |    0 |         14 |
|       u0_mod_sub                                |           mod_sub_339 |          0 |          0 |       0 |    0 |     0 |      0 |      0 |    0 |          0 |
|     u10_ct_butterfly_unit                       | ct_butterfly_unit_241 |        619 |        619 |       0 |    0 |   185 |      0 |      0 |    0 |         14 |
|       u0_mod_add                                |           mod_add_334 |        209 |        209 |       0 |    0 |     0 |      0 |      0 |    0 |          0 |
|       u0_mod_mult_barrett                       |  mod_mult_barrett_335 |        364 |        364 |       0 |    0 |   185 |      0 |      0 |    0 |         14 |
|       u0_mod_sub                                |           mod_sub_336 |         46 |         46 |       0 |    0 |     0 |      0 |      0 |    0 |          0 |
|     u11_ct_butterfly_unit                       | ct_butterfly_unit_242 |        587 |        587 |       0 |    0 |   185 |      0 |      0 |    0 |         14 |
|       u0_mod_add                                |           mod_add_331 |        178 |        178 |       0 |    0 |     0 |      0 |      0 |    0 |          0 |
|       u0_mod_mult_barrett                       |  mod_mult_barrett_332 |        365 |        365 |       0 |    0 |   185 |      0 |      0 |    0 |         14 |
|       u0_mod_sub                                |           mod_sub_333 |         44 |         44 |       0 |    0 |     0 |      0 |      0 |    0 |          0 |
|     u12_ct_butterfly_unit                       | ct_butterfly_unit_243 |        374 |        374 |       0 |    0 |   185 |      0 |      0 |    0 |         14 |
|       u0_mod_add                                |           mod_add_328 |         17 |         17 |       0 |    0 |     0 |      0 |      0 |    0 |          0 |
|       u0_mod_mult_barrett                       |  mod_mult_barrett_329 |        347 |        347 |       0 |    0 |   185 |      0 |      0 |    0 |         14 |
|       u0_mod_sub                                |           mod_sub_330 |         10 |         10 |       0 |    0 |     0 |      0 |      0 |    0 |          0 |
|     u13_ct_butterfly_unit                       | ct_butterfly_unit_244 |        410 |        410 |       0 |    0 |   185 |      0 |      0 |    0 |         14 |
|       u0_mod_add                                |           mod_add_325 |         39 |         39 |       0 |    0 |     0 |      0 |      0 |    0 |          0 |
|       u0_mod_mult_barrett                       |  mod_mult_barrett_326 |        361 |        361 |       0 |    0 |   185 |      0 |      0 |    0 |         14 |
|       u0_mod_sub                                |           mod_sub_327 |         10 |         10 |       0 |    0 |     0 |      0 |      0 |    0 |          0 |
|     u14_ct_butterfly_unit                       | ct_butterfly_unit_245 |        567 |        567 |       0 |    0 |   185 |      0 |      0 |    0 |         14 |
|       u0_mod_add                                |           mod_add_322 |        184 |        184 |       0 |    0 |     0 |      0 |      0 |    0 |          0 |
|       u0_mod_mult_barrett                       |  mod_mult_barrett_323 |        346 |        346 |       0 |    0 |   185 |      0 |      0 |    0 |         14 |
|       u0_mod_sub                                |           mod_sub_324 |         38 |         38 |       0 |    0 |     0 |      0 |      0 |    0 |          0 |
|     u15_ct_butterfly_unit                       | ct_butterfly_unit_246 |        523 |        523 |       0 |    0 |   185 |      0 |      0 |    0 |         14 |
|       u0_mod_add                                |           mod_add_319 |        153 |        153 |       0 |    0 |     0 |      0 |      0 |    0 |          0 |
|       u0_mod_mult_barrett                       |  mod_mult_barrett_320 |        332 |        332 |       0 |    0 |   185 |      0 |      0 |    0 |         14 |
|       u0_mod_sub                                |           mod_sub_321 |         39 |         39 |       0 |    0 |     0 |      0 |      0 |    0 |          0 |
|     u16_ct_butterfly_unit                       | ct_butterfly_unit_247 |        386 |        386 |       0 |    0 |   185 |      0 |      0 |    0 |         14 |
|       u0_mod_add                                |           mod_add_316 |         38 |         38 |       0 |    0 |     0 |      0 |      0 |    0 |          0 |
|       u0_mod_mult_barrett                       |  mod_mult_barrett_317 |        348 |        348 |       0 |    0 |   185 |      0 |      0 |    0 |         14 |
|       u0_mod_sub                                |           mod_sub_318 |          0 |          0 |       0 |    0 |     0 |      0 |      0 |    0 |          0 |
|     u17_ct_butterfly_unit                       | ct_butterfly_unit_248 |        384 |        384 |       0 |    0 |   185 |      0 |      0 |    0 |         14 |
|       u0_mod_add                                |           mod_add_313 |         38 |         38 |       0 |    0 |     0 |      0 |      0 |    0 |          0 |
|       u0_mod_mult_barrett                       |  mod_mult_barrett_314 |        346 |        346 |       0 |    0 |   185 |      0 |      0 |    0 |         14 |
|       u0_mod_sub                                |           mod_sub_315 |          1 |          1 |       0 |    0 |     0 |      0 |      0 |    0 |          0 |
|     u20_ct_butterfly_unit                       | ct_butterfly_unit_249 |        494 |        494 |       0 |    0 |   185 |      0 |      0 |    0 |         14 |
|       u0_mod_add                                |           mod_add_310 |        125 |        125 |       0 |    0 |     0 |      0 |      0 |    0 |          0 |
|       u0_mod_mult_barrett                       |  mod_mult_barrett_311 |        324 |        324 |       0 |    0 |   185 |      0 |      0 |    0 |         14 |
|       u0_mod_sub                                |           mod_sub_312 |         46 |         46 |       0 |    0 |     0 |      0 |      0 |    0 |          0 |
|     u21_ct_butterfly_unit                       | ct_butterfly_unit_250 |        347 |        347 |       0 |    0 |   185 |      0 |      0 |    0 |         14 |
|       u0_mod_add                                |           mod_add_307 |         16 |         16 |       0 |    0 |     0 |      0 |      0 |    0 |          0 |
|       u0_mod_mult_barrett                       |  mod_mult_barrett_308 |        324 |        324 |       0 |    0 |   185 |      0 |      0 |    0 |         14 |
|       u0_mod_sub                                |           mod_sub_309 |          8 |          8 |       0 |    0 |     0 |      0 |      0 |    0 |          0 |
|     u22_ct_butterfly_unit                       | ct_butterfly_unit_251 |        502 |        502 |       0 |    0 |   184 |      0 |      0 |    0 |         14 |
|       u0_mod_add                                |           mod_add_304 |        117 |        117 |       0 |    0 |     0 |      0 |      0 |    0 |          0 |
|       u0_mod_mult_barrett                       |  mod_mult_barrett_305 |        350 |        350 |       0 |    0 |   184 |      0 |      0 |    0 |         14 |
|       u0_mod_sub                                |           mod_sub_306 |         35 |         35 |       0 |    0 |     0 |      0 |      0 |    0 |          0 |
|     u23_ct_butterfly_unit                       | ct_butterfly_unit_252 |        388 |        388 |       0 |    0 |   184 |      0 |      0 |    0 |         14 |
|       u0_mod_add                                |           mod_add_301 |         39 |         39 |       0 |    0 |     0 |      0 |      0 |    0 |          0 |
|       u0_mod_mult_barrett                       |  mod_mult_barrett_302 |        349 |        349 |       0 |    0 |   184 |      0 |      0 |    0 |         14 |
|       u0_mod_sub                                |           mod_sub_303 |          0 |          0 |       0 |    0 |     0 |      0 |      0 |    0 |          0 |
|     u24_ct_butterfly_unit                       | ct_butterfly_unit_253 |        490 |        490 |       0 |    0 |   185 |      0 |      0 |    0 |         14 |
|       u0_mod_add                                |           mod_add_298 |        117 |        117 |       0 |    0 |     0 |      0 |      0 |    0 |          0 |
|       u0_mod_mult_barrett                       |  mod_mult_barrett_299 |        328 |        328 |       0 |    0 |   185 |      0 |      0 |    0 |         14 |
|       u0_mod_sub                                |           mod_sub_300 |         45 |         45 |       0 |    0 |     0 |      0 |      0 |    0 |          0 |
|     u25_ct_butterfly_unit                       | ct_butterfly_unit_254 |        373 |        373 |       0 |    0 |   185 |      0 |      0 |    0 |         14 |
|       u0_mod_add                                |           mod_add_295 |         16 |         16 |       0 |    0 |     0 |      0 |      0 |    0 |          0 |
|       u0_mod_mult_barrett                       |  mod_mult_barrett_296 |        347 |        347 |       0 |    0 |   185 |      0 |      0 |    0 |         14 |
|       u0_mod_sub                                |           mod_sub_297 |         10 |         10 |       0 |    0 |     0 |      0 |      0 |    0 |          0 |
|     u26_ct_butterfly_unit                       | ct_butterfly_unit_255 |        537 |        537 |       0 |    0 |   185 |      0 |      0 |    0 |         14 |
|       u0_mod_add                                |           mod_add_292 |        153 |        153 |       0 |    0 |     0 |      0 |      0 |    0 |          0 |
|       u0_mod_mult_barrett                       |  mod_mult_barrett_293 |        347 |        347 |       0 |    0 |   185 |      0 |      0 |    0 |         14 |
|       u0_mod_sub                                |           mod_sub_294 |         38 |         38 |       0 |    0 |     0 |      0 |      0 |    0 |          0 |
|     u27_ct_butterfly_unit                       | ct_butterfly_unit_256 |        384 |        384 |       0 |    0 |   185 |      0 |      0 |    0 |         14 |
|       u0_mod_add                                |           mod_add_289 |         38 |         38 |       0 |    0 |     0 |      0 |      0 |    0 |          0 |
|       u0_mod_mult_barrett                       |  mod_mult_barrett_290 |        346 |        346 |       0 |    0 |   185 |      0 |      0 |    0 |         14 |
|       u0_mod_sub                                |           mod_sub_291 |          1 |          1 |       0 |    0 |     0 |      0 |      0 |    0 |          0 |
|     u30_ct_butterfly_unit                       | ct_butterfly_unit_257 |        410 |        410 |       0 |    0 |   185 |      0 |      0 |    0 |         14 |
|       u0_mod_add                                |           mod_add_286 |         39 |         39 |       0 |    0 |     0 |      0 |      0 |    0 |          0 |
|       u0_mod_mult_barrett                       |  mod_mult_barrett_287 |        360 |        360 |       0 |    0 |   185 |      0 |      0 |    0 |         14 |
|       u0_mod_sub                                |           mod_sub_288 |         11 |         11 |       0 |    0 |     0 |      0 |      0 |    0 |          0 |
|     u31_ct_butterfly_unit                       | ct_butterfly_unit_258 |        383 |        383 |       0 |    0 |   185 |      0 |      0 |    0 |         14 |
|       u0_mod_add                                |           mod_add_283 |         38 |         38 |       0 |    0 |     0 |      0 |      0 |    0 |          0 |
|       u0_mod_mult_barrett                       |  mod_mult_barrett_284 |        344 |        344 |       0 |    0 |   185 |      0 |      0 |    0 |         14 |
|       u0_mod_sub                                |           mod_sub_285 |          2 |          2 |       0 |    0 |     0 |      0 |      0 |    0 |          0 |
|     u32_ct_butterfly_unit                       | ct_butterfly_unit_259 |        411 |        411 |       0 |    0 |   184 |      0 |      0 |    0 |         14 |
|       u0_mod_add                                |           mod_add_280 |         40 |         40 |       0 |    0 |     0 |      0 |      0 |    0 |          0 |
|       u0_mod_mult_barrett                       |  mod_mult_barrett_281 |        360 |        360 |       0 |    0 |   184 |      0 |      0 |    0 |         14 |
|       u0_mod_sub                                |           mod_sub_282 |         11 |         11 |       0 |    0 |     0 |      0 |      0 |    0 |          0 |
|     u33_ct_butterfly_unit                       | ct_butterfly_unit_260 |        385 |        385 |       0 |    0 |   184 |      0 |      0 |    0 |         14 |
|       u0_mod_add                                |           mod_add_277 |         39 |         39 |       0 |    0 |     0 |      0 |      0 |    0 |          0 |
|       u0_mod_mult_barrett                       |  mod_mult_barrett_278 |        345 |        345 |       0 |    0 |   184 |      0 |      0 |    0 |         14 |
|       u0_mod_sub                                |           mod_sub_279 |          2 |          2 |       0 |    0 |     0 |      0 |      0 |    0 |          0 |
|     u34_ct_butterfly_unit                       | ct_butterfly_unit_261 |        411 |        411 |       0 |    0 |   185 |      0 |      0 |    0 |         14 |
|       u0_mod_add                                |           mod_add_274 |         40 |         40 |       0 |    0 |     0 |      0 |      0 |    0 |          0 |
|       u0_mod_mult_barrett                       |  mod_mult_barrett_275 |        360 |        360 |       0 |    0 |   185 |      0 |      0 |    0 |         14 |
|       u0_mod_sub                                |           mod_sub_276 |         11 |         11 |       0 |    0 |     0 |      0 |      0 |    0 |          0 |
|     u35_ct_butterfly_unit                       | ct_butterfly_unit_262 |        386 |        386 |       0 |    0 |   185 |      0 |      0 |    0 |         14 |
|       u0_mod_add                                |           mod_add_271 |         38 |         38 |       0 |    0 |     0 |      0 |      0 |    0 |          0 |
|       u0_mod_mult_barrett                       |  mod_mult_barrett_272 |        348 |        348 |       0 |    0 |   185 |      0 |      0 |    0 |         14 |
|       u0_mod_sub                                |           mod_sub_273 |          1 |          1 |       0 |    0 |     0 |      0 |      0 |    0 |          0 |
|     u36_ct_butterfly_unit                       | ct_butterfly_unit_263 |        374 |        374 |       0 |    0 |   185 |      0 |      0 |    0 |         14 |
|       u0_mod_add                                |           mod_add_268 |         39 |         39 |       0 |    0 |     0 |      0 |      0 |    0 |          0 |
|       u0_mod_mult_barrett                       |  mod_mult_barrett_269 |        328 |        328 |       0 |    0 |   185 |      0 |      0 |    0 |         14 |
|       u0_mod_sub                                |           mod_sub_270 |          8 |          8 |       0 |    0 |     0 |      0 |      0 |    0 |          0 |
|     u37_ct_butterfly_unit                       | ct_butterfly_unit_264 |        384 |        384 |       0 |    0 |   185 |      0 |      0 |    0 |         14 |
|       u0_mod_add                                |           mod_add_265 |         38 |         38 |       0 |    0 |     0 |      0 |      0 |    0 |          0 |
|       u0_mod_mult_barrett                       |  mod_mult_barrett_266 |        346 |        346 |       0 |    0 |   185 |      0 |      0 |    0 |         14 |
|       u0_mod_sub                                |           mod_sub_267 |          1 |          1 |       0 |    0 |     0 |      0 |      0 |    0 |          0 |
|   u0_GS_BU_array                                |           GS_BU_array |       2077 |       1627 |       0 |  450 |  1061 |      0 |      0 |    0 |         14 |
|     (u0_GS_BU_array)                            |           GS_BU_array |         15 |         15 |       0 |    0 |     6 |      0 |      0 |    0 |          0 |
|     output_normalization[0].u0_mod_mult_barrett |  mod_mult_barrett_203 |        300 |        300 |       0 |    0 |   185 |      0 |      0 |    0 |         14 |
|     stage0[0].u0_gs_butterfly_unit              |     gs_butterfly_unit |         91 |         61 |       0 |   30 |    30 |      0 |      0 |    0 |          0 |
|       (stage0[0].u0_gs_butterfly_unit)          |     gs_butterfly_unit |         39 |          9 |       0 |   30 |    30 |      0 |      0 |    0 |          0 |
|       u0_mod_add                                |           mod_add_232 |         52 |         52 |       0 |    0 |     0 |      0 |      0 |    0 |          0 |
|     u00_gs_butterfly_unit                       | gs_butterfly_unit_204 |        136 |        106 |       0 |   30 |    60 |      0 |      0 |    0 |          0 |
|       (u00_gs_butterfly_unit)                   | gs_butterfly_unit_204 |         54 |         24 |       0 |   30 |    60 |      0 |      0 |    0 |          0 |
|       u0_mod_add                                |           mod_add_231 |         82 |         82 |       0 |    0 |     0 |      0 |      0 |    0 |          0 |
|     u01_gs_butterfly_unit                       | gs_butterfly_unit_205 |        106 |         76 |       0 |   30 |    60 |      0 |      0 |    0 |          0 |
|       (u01_gs_butterfly_unit)                   | gs_butterfly_unit_205 |         54 |         24 |       0 |   30 |    60 |      0 |      0 |    0 |          0 |
|       u0_mod_add                                |           mod_add_230 |         52 |         52 |       0 |    0 |     0 |      0 |      0 |    0 |          0 |
|     u02_gs_butterfly_unit                       | gs_butterfly_unit_206 |        136 |        106 |       0 |   30 |    60 |      0 |      0 |    0 |          0 |
|       (u02_gs_butterfly_unit)                   | gs_butterfly_unit_206 |         54 |         24 |       0 |   30 |    60 |      0 |      0 |    0 |          0 |
|       u0_mod_add                                |           mod_add_229 |         82 |         82 |       0 |    0 |     0 |      0 |      0 |    0 |          0 |
|     u03_gs_butterfly_unit                       | gs_butterfly_unit_207 |         83 |         53 |       0 |   30 |    60 |      0 |      0 |    0 |          0 |
|       (u03_gs_butterfly_unit)                   | gs_butterfly_unit_207 |         54 |         24 |       0 |   30 |    60 |      0 |      0 |    0 |          0 |
|       u0_mod_add                                |           mod_add_228 |         29 |         29 |       0 |    0 |     0 |      0 |      0 |    0 |          0 |
|     u04_gs_butterfly_unit                       | gs_butterfly_unit_208 |        136 |        106 |       0 |   30 |    60 |      0 |      0 |    0 |          0 |
|       (u04_gs_butterfly_unit)                   | gs_butterfly_unit_208 |         54 |         24 |       0 |   30 |    60 |      0 |      0 |    0 |          0 |
|       u0_mod_add                                |           mod_add_227 |         82 |         82 |       0 |    0 |     0 |      0 |      0 |    0 |          0 |
|     u05_gs_butterfly_unit                       | gs_butterfly_unit_209 |        106 |         76 |       0 |   30 |    60 |      0 |      0 |    0 |          0 |
|       (u05_gs_butterfly_unit)                   | gs_butterfly_unit_209 |         54 |         24 |       0 |   30 |    60 |      0 |      0 |    0 |          0 |
|       u0_mod_add                                |           mod_add_226 |         52 |         52 |       0 |    0 |     0 |      0 |      0 |    0 |          0 |
|     u06_gs_butterfly_unit                       | gs_butterfly_unit_210 |        136 |        106 |       0 |   30 |    60 |      0 |      0 |    0 |          0 |
|       (u06_gs_butterfly_unit)                   | gs_butterfly_unit_210 |         54 |         24 |       0 |   30 |    60 |      0 |      0 |    0 |          0 |
|       u0_mod_add                                |           mod_add_225 |         82 |         82 |       0 |    0 |     0 |      0 |      0 |    0 |          0 |
|     u07_gs_butterfly_unit                       | gs_butterfly_unit_211 |        106 |         76 |       0 |   30 |    60 |      0 |      0 |    0 |          0 |
|       (u07_gs_butterfly_unit)                   | gs_butterfly_unit_211 |         54 |         24 |       0 |   30 |    60 |      0 |      0 |    0 |          0 |
|       u0_mod_add                                |           mod_add_224 |         52 |         52 |       0 |    0 |     0 |      0 |      0 |    0 |          0 |
|     u10_gs_butterfly_unit                       | gs_butterfly_unit_212 |        136 |        106 |       0 |   30 |    60 |      0 |      0 |    0 |          0 |
|       (u10_gs_butterfly_unit)                   | gs_butterfly_unit_212 |         54 |         24 |       0 |   30 |    60 |      0 |      0 |    0 |          0 |
|       u0_mod_add                                |           mod_add_223 |         82 |         82 |       0 |    0 |     0 |      0 |      0 |    0 |          0 |
|     u12_gs_butterfly_unit                       | gs_butterfly_unit_213 |        106 |         76 |       0 |   30 |    60 |      0 |      0 |    0 |          0 |
|       (u12_gs_butterfly_unit)                   | gs_butterfly_unit_213 |         54 |         24 |       0 |   30 |    60 |      0 |      0 |    0 |          0 |
|       u0_mod_add                                |           mod_add_222 |         52 |         52 |       0 |    0 |     0 |      0 |      0 |    0 |          0 |
|     u14_gs_butterfly_unit                       | gs_butterfly_unit_214 |        136 |        106 |       0 |   30 |    60 |      0 |      0 |    0 |          0 |
|       (u14_gs_butterfly_unit)                   | gs_butterfly_unit_214 |         54 |         24 |       0 |   30 |    60 |      0 |      0 |    0 |          0 |
|       u0_mod_add                                |           mod_add_221 |         82 |         82 |       0 |    0 |     0 |      0 |      0 |    0 |          0 |
|     u16_gs_butterfly_unit                       | gs_butterfly_unit_215 |        106 |         76 |       0 |   30 |    60 |      0 |      0 |    0 |          0 |
|       (u16_gs_butterfly_unit)                   | gs_butterfly_unit_215 |         54 |         24 |       0 |   30 |    60 |      0 |      0 |    0 |          0 |
|       u0_mod_add                                |           mod_add_220 |         52 |         52 |       0 |    0 |     0 |      0 |      0 |    0 |          0 |
|     u20_gs_butterfly_unit                       | gs_butterfly_unit_216 |        136 |        106 |       0 |   30 |    60 |      0 |      0 |    0 |          0 |
|       (u20_gs_butterfly_unit)                   | gs_butterfly_unit_216 |         54 |         24 |       0 |   30 |    60 |      0 |      0 |    0 |          0 |
|       u0_mod_add                                |           mod_add_219 |         82 |         82 |       0 |    0 |     0 |      0 |      0 |    0 |          0 |
|     u24_gs_butterfly_unit                       | gs_butterfly_unit_217 |        106 |         76 |       0 |   30 |    60 |      0 |      0 |    0 |          0 |
|       (u24_gs_butterfly_unit)                   | gs_butterfly_unit_217 |         54 |         24 |       0 |   30 |    60 |      0 |      0 |    0 |          0 |
|       u0_mod_add                                |           mod_add_218 |         52 |         52 |       0 |    0 |     0 |      0 |      0 |    0 |          0 |
|   u1_CT_BU_array                                |        CT_BU_array_77 |      13630 |      13630 |       0 |    0 |  5916 |      0 |      0 |    0 |        448 |
|     stage0[0].u0_ct_butterfly_unit              |     ct_butterfly_unit |        528 |        528 |       0 |    0 |   185 |      0 |      0 |    0 |         14 |
|       u0_mod_add                                |           mod_add_200 |        157 |        157 |       0 |    0 |     0 |      0 |      0 |    0 |          0 |
|       u0_mod_mult_barrett                       |  mod_mult_barrett_201 |        331 |        331 |       0 |    0 |   185 |      0 |      0 |    0 |         14 |
|       u0_mod_sub                                |           mod_sub_202 |         41 |         41 |       0 |    0 |     0 |      0 |      0 |    0 |          0 |
|     stage0[1].u0_ct_butterfly_unit              |  ct_butterfly_unit_78 |        519 |        519 |       0 |    0 |   185 |      0 |      0 |    0 |         14 |
|       u0_mod_add                                |           mod_add_197 |         95 |         95 |       0 |    0 |     0 |      0 |      0 |    0 |          0 |
|       u0_mod_mult_barrett                       |  mod_mult_barrett_198 |        334 |        334 |       0 |    0 |   185 |      0 |      0 |    0 |         14 |
|       u0_mod_sub                                |           mod_sub_199 |         90 |         90 |       0 |    0 |     0 |      0 |      0 |    0 |          0 |
|     stage0[2].u0_ct_butterfly_unit              |  ct_butterfly_unit_79 |        569 |        569 |       0 |    0 |   185 |      0 |      0 |    0 |         14 |
|       u0_mod_add                                |           mod_add_194 |        183 |        183 |       0 |    0 |     0 |      0 |      0 |    0 |          0 |
|       u0_mod_mult_barrett                       |  mod_mult_barrett_195 |        348 |        348 |       0 |    0 |   185 |      0 |      0 |    0 |         14 |
|       u0_mod_sub                                |           mod_sub_196 |         38 |         38 |       0 |    0 |     0 |      0 |      0 |    0 |          0 |
|     stage0[3].u0_ct_butterfly_unit              |  ct_butterfly_unit_80 |        494 |        494 |       0 |    0 |   185 |      0 |      0 |    0 |         14 |
|       u0_mod_add                                |           mod_add_191 |        124 |        124 |       0 |    0 |     0 |      0 |      0 |    0 |          0 |
|       u0_mod_mult_barrett                       |  mod_mult_barrett_192 |        336 |        336 |       0 |    0 |   185 |      0 |      0 |    0 |         14 |
|       u0_mod_sub                                |           mod_sub_193 |         34 |         34 |       0 |    0 |     0 |      0 |      0 |    0 |          0 |
|     stage0[4].u0_ct_butterfly_unit              |  ct_butterfly_unit_81 |        349 |        349 |       0 |    0 |   185 |      0 |      0 |    0 |         14 |
|       u0_mod_add                                |           mod_add_188 |         15 |         15 |       0 |    0 |     0 |      0 |      0 |    0 |          0 |
|       u0_mod_mult_barrett                       |  mod_mult_barrett_189 |        334 |        334 |       0 |    0 |   185 |      0 |      0 |    0 |         14 |
|       u0_mod_sub                                |           mod_sub_190 |          0 |          0 |       0 |    0 |     0 |      0 |      0 |    0 |          0 |
|     stage0[5].u0_ct_butterfly_unit              |  ct_butterfly_unit_82 |        349 |        349 |       0 |    0 |   185 |      0 |      0 |    0 |         14 |
|       u0_mod_add                                |           mod_add_185 |         15 |         15 |       0 |    0 |     0 |      0 |      0 |    0 |          0 |
|       u0_mod_mult_barrett                       |  mod_mult_barrett_186 |        334 |        334 |       0 |    0 |   185 |      0 |      0 |    0 |         14 |
|       u0_mod_sub                                |           mod_sub_187 |          0 |          0 |       0 |    0 |     0 |      0 |      0 |    0 |          0 |
|     stage0[6].u0_ct_butterfly_unit              |  ct_butterfly_unit_83 |        386 |        386 |       0 |    0 |   185 |      0 |      0 |    0 |         14 |
|       u0_mod_add                                |           mod_add_182 |         38 |         38 |       0 |    0 |     0 |      0 |      0 |    0 |          0 |
|       u0_mod_mult_barrett                       |  mod_mult_barrett_183 |        348 |        348 |       0 |    0 |   185 |      0 |      0 |    0 |         14 |
|       u0_mod_sub                                |           mod_sub_184 |          0 |          0 |       0 |    0 |     0 |      0 |      0 |    0 |          0 |
|     stage0[7].u0_ct_butterfly_unit              |  ct_butterfly_unit_84 |        348 |        348 |       0 |    0 |   185 |      0 |      0 |    0 |         14 |
|       u0_mod_add                                |           mod_add_179 |         15 |         15 |       0 |    0 |     0 |      0 |      0 |    0 |          0 |
|       u0_mod_mult_barrett                       |  mod_mult_barrett_180 |        333 |        333 |       0 |    0 |   185 |      0 |      0 |    0 |         14 |
|       u0_mod_sub                                |           mod_sub_181 |          0 |          0 |       0 |    0 |     0 |      0 |      0 |    0 |          0 |
|     u10_ct_butterfly_unit                       |  ct_butterfly_unit_85 |        624 |        624 |       0 |    0 |   185 |      0 |      0 |    0 |         14 |
|       u0_mod_add                                |           mod_add_176 |        214 |        214 |       0 |    0 |     0 |      0 |      0 |    0 |          0 |
|       u0_mod_mult_barrett                       |  mod_mult_barrett_177 |        364 |        364 |       0 |    0 |   185 |      0 |      0 |    0 |         14 |
|       u0_mod_sub                                |           mod_sub_178 |         46 |         46 |       0 |    0 |     0 |      0 |      0 |    0 |          0 |
|     u11_ct_butterfly_unit                       |  ct_butterfly_unit_86 |        563 |        563 |       0 |    0 |   185 |      0 |      0 |    0 |         14 |
|       u0_mod_add                                |           mod_add_173 |        154 |        154 |       0 |    0 |     0 |      0 |      0 |    0 |          0 |
|       u0_mod_mult_barrett                       |  mod_mult_barrett_174 |        365 |        365 |       0 |    0 |   185 |      0 |      0 |    0 |         14 |
|       u0_mod_sub                                |           mod_sub_175 |         44 |         44 |       0 |    0 |     0 |      0 |      0 |    0 |          0 |
|     u12_ct_butterfly_unit                       |  ct_butterfly_unit_87 |        374 |        374 |       0 |    0 |   185 |      0 |      0 |    0 |         14 |
|       u0_mod_add                                |           mod_add_170 |         17 |         17 |       0 |    0 |     0 |      0 |      0 |    0 |          0 |
|       u0_mod_mult_barrett                       |  mod_mult_barrett_171 |        347 |        347 |       0 |    0 |   185 |      0 |      0 |    0 |         14 |
|       u0_mod_sub                                |           mod_sub_172 |         10 |         10 |       0 |    0 |     0 |      0 |      0 |    0 |          0 |
|     u13_ct_butterfly_unit                       |  ct_butterfly_unit_88 |        410 |        410 |       0 |    0 |   185 |      0 |      0 |    0 |         14 |
|       u0_mod_add                                |           mod_add_167 |         39 |         39 |       0 |    0 |     0 |      0 |      0 |    0 |          0 |
|       u0_mod_mult_barrett                       |  mod_mult_barrett_168 |        361 |        361 |       0 |    0 |   185 |      0 |      0 |    0 |         14 |
|       u0_mod_sub                                |           mod_sub_169 |         10 |         10 |       0 |    0 |     0 |      0 |      0 |    0 |          0 |
|     u14_ct_butterfly_unit                       |  ct_butterfly_unit_89 |        502 |        502 |       0 |    0 |   185 |      0 |      0 |    0 |         14 |
|       u0_mod_add                                |           mod_add_164 |        117 |        117 |       0 |    0 |     0 |      0 |      0 |    0 |          0 |
|       u0_mod_mult_barrett                       |  mod_mult_barrett_165 |        350 |        350 |       0 |    0 |   185 |      0 |      0 |    0 |         14 |
|       u0_mod_sub                                |           mod_sub_166 |         35 |         35 |       0 |    0 |     0 |      0 |      0 |    0 |          0 |
|     u15_ct_butterfly_unit                       |  ct_butterfly_unit_90 |        524 |        524 |       0 |    0 |   185 |      0 |      0 |    0 |         14 |
|       u0_mod_add                                |           mod_add_161 |        154 |        154 |       0 |    0 |     0 |      0 |      0 |    0 |          0 |
|       u0_mod_mult_barrett                       |  mod_mult_barrett_162 |        332 |        332 |       0 |    0 |   185 |      0 |      0 |    0 |         14 |
|       u0_mod_sub                                |           mod_sub_163 |         39 |         39 |       0 |    0 |     0 |      0 |      0 |    0 |          0 |
|     u16_ct_butterfly_unit                       |  ct_butterfly_unit_91 |        384 |        384 |       0 |    0 |   185 |      0 |      0 |    0 |         14 |
|       u0_mod_add                                |           mod_add_158 |         38 |         38 |       0 |    0 |     0 |      0 |      0 |    0 |          0 |
|       u0_mod_mult_barrett                       |  mod_mult_barrett_159 |        346 |        346 |       0 |    0 |   185 |      0 |      0 |    0 |         14 |
|       u0_mod_sub                                |           mod_sub_160 |          1 |          1 |       0 |    0 |     0 |      0 |      0 |    0 |          0 |
|     u17_ct_butterfly_unit                       |  ct_butterfly_unit_92 |        384 |        384 |       0 |    0 |   185 |      0 |      0 |    0 |         14 |
|       u0_mod_add                                |           mod_add_155 |         38 |         38 |       0 |    0 |     0 |      0 |      0 |    0 |          0 |
|       u0_mod_mult_barrett                       |  mod_mult_barrett_156 |        346 |        346 |       0 |    0 |   185 |      0 |      0 |    0 |         14 |
|       u0_mod_sub                                |           mod_sub_157 |          1 |          1 |       0 |    0 |     0 |      0 |      0 |    0 |          0 |
|     u20_ct_butterfly_unit                       |  ct_butterfly_unit_93 |        519 |        519 |       0 |    0 |   185 |      0 |      0 |    0 |         14 |
|       u0_mod_add                                |           mod_add_152 |        125 |        125 |       0 |    0 |     0 |      0 |      0 |    0 |          0 |
|       u0_mod_mult_barrett                       |  mod_mult_barrett_153 |        346 |        346 |       0 |    0 |   185 |      0 |      0 |    0 |         14 |
|       u0_mod_sub                                |           mod_sub_154 |         48 |         48 |       0 |    0 |     0 |      0 |      0 |    0 |          0 |
|     u21_ct_butterfly_unit                       |  ct_butterfly_unit_94 |        369 |        369 |       0 |    0 |   185 |      0 |      0 |    0 |         14 |
|       u0_mod_add                                |           mod_add_149 |         39 |         39 |       0 |    0 |     0 |      0 |      0 |    0 |          0 |
|       u0_mod_mult_barrett                       |  mod_mult_barrett_150 |        323 |        323 |       0 |    0 |   185 |      0 |      0 |    0 |         14 |
|       u0_mod_sub                                |           mod_sub_151 |          8 |          8 |       0 |    0 |     0 |      0 |      0 |    0 |          0 |
|     u22_ct_butterfly_unit                       |  ct_butterfly_unit_95 |        502 |        502 |       0 |    0 |   184 |      0 |      0 |    0 |         14 |
|       u0_mod_add                                |           mod_add_146 |        117 |        117 |       0 |    0 |     0 |      0 |      0 |    0 |          0 |
|       u0_mod_mult_barrett                       |  mod_mult_barrett_147 |        350 |        350 |       0 |    0 |   184 |      0 |      0 |    0 |         14 |
|       u0_mod_sub                                |           mod_sub_148 |         35 |         35 |       0 |    0 |     0 |      0 |      0 |    0 |          0 |
|     u23_ct_butterfly_unit                       |  ct_butterfly_unit_96 |        388 |        388 |       0 |    0 |   184 |      0 |      0 |    0 |         14 |
|       u0_mod_add                                |           mod_add_143 |         39 |         39 |       0 |    0 |     0 |      0 |      0 |    0 |          0 |
|       u0_mod_mult_barrett                       |  mod_mult_barrett_144 |        349 |        349 |       0 |    0 |   184 |      0 |      0 |    0 |         14 |
|       u0_mod_sub                                |           mod_sub_145 |          0 |          0 |       0 |    0 |     0 |      0 |      0 |    0 |          0 |
|     u24_ct_butterfly_unit                       |  ct_butterfly_unit_97 |        563 |        563 |       0 |    0 |   185 |      0 |      0 |    0 |         14 |
|       u0_mod_add                                |           mod_add_140 |        155 |        155 |       0 |    0 |     0 |      0 |      0 |    0 |          0 |
|       u0_mod_mult_barrett                       |  mod_mult_barrett_141 |        364 |        364 |       0 |    0 |   185 |      0 |      0 |    0 |         14 |
|       u0_mod_sub                                |           mod_sub_142 |         44 |         44 |       0 |    0 |     0 |      0 |      0 |    0 |          0 |
|     u25_ct_butterfly_unit                       |  ct_butterfly_unit_98 |        347 |        347 |       0 |    0 |   185 |      0 |      0 |    0 |         14 |
|       u0_mod_add                                |           mod_add_137 |         16 |         16 |       0 |    0 |     0 |      0 |      0 |    0 |          0 |
|       u0_mod_mult_barrett                       |  mod_mult_barrett_138 |        324 |        324 |       0 |    0 |   185 |      0 |      0 |    0 |         14 |
|       u0_mod_sub                                |           mod_sub_139 |          8 |          8 |       0 |    0 |     0 |      0 |      0 |    0 |          0 |
|     u26_ct_butterfly_unit                       |  ct_butterfly_unit_99 |        530 |        530 |       0 |    0 |   185 |      0 |      0 |    0 |         14 |
|       u0_mod_add                                |           mod_add_134 |        146 |        146 |       0 |    0 |     0 |      0 |      0 |    0 |          0 |
|       u0_mod_mult_barrett                       |  mod_mult_barrett_135 |        349 |        349 |       0 |    0 |   185 |      0 |      0 |    0 |         14 |
|       u0_mod_sub                                |           mod_sub_136 |         35 |         35 |       0 |    0 |     0 |      0 |      0 |    0 |          0 |
|     u27_ct_butterfly_unit                       | ct_butterfly_unit_100 |        384 |        384 |       0 |    0 |   185 |      0 |      0 |    0 |         14 |
|       u0_mod_add                                |           mod_add_131 |         38 |         38 |       0 |    0 |     0 |      0 |      0 |    0 |          0 |
|       u0_mod_mult_barrett                       |  mod_mult_barrett_132 |        346 |        346 |       0 |    0 |   185 |      0 |      0 |    0 |         14 |
|       u0_mod_sub                                |           mod_sub_133 |          1 |          1 |       0 |    0 |     0 |      0 |      0 |    0 |          0 |
|     u30_ct_butterfly_unit                       | ct_butterfly_unit_101 |        410 |        410 |       0 |    0 |   185 |      0 |      0 |    0 |         14 |
|       u0_mod_add                                |           mod_add_128 |         39 |         39 |       0 |    0 |     0 |      0 |      0 |    0 |          0 |
|       u0_mod_mult_barrett                       |  mod_mult_barrett_129 |        361 |        361 |       0 |    0 |   185 |      0 |      0 |    0 |         14 |
|       u0_mod_sub                                |           mod_sub_130 |         10 |         10 |       0 |    0 |     0 |      0 |      0 |    0 |          0 |
|     u31_ct_butterfly_unit                       | ct_butterfly_unit_102 |        385 |        385 |       0 |    0 |   185 |      0 |      0 |    0 |         14 |
|       u0_mod_add                                |           mod_add_125 |         38 |         38 |       0 |    0 |     0 |      0 |      0 |    0 |          0 |
|       u0_mod_mult_barrett                       |  mod_mult_barrett_126 |        347 |        347 |       0 |    0 |   185 |      0 |      0 |    0 |         14 |
|       u0_mod_sub                                |           mod_sub_127 |          1 |          1 |       0 |    0 |     0 |      0 |      0 |    0 |          0 |
|     u32_ct_butterfly_unit                       | ct_butterfly_unit_103 |        410 |        410 |       0 |    0 |   184 |      0 |      0 |    0 |         14 |
|       u0_mod_add                                |           mod_add_122 |         40 |         40 |       0 |    0 |     0 |      0 |      0 |    0 |          0 |
|       u0_mod_mult_barrett                       |  mod_mult_barrett_123 |        359 |        359 |       0 |    0 |   184 |      0 |      0 |    0 |         14 |
|       u0_mod_sub                                |           mod_sub_124 |         11 |         11 |       0 |    0 |     0 |      0 |      0 |    0 |          0 |
|     u33_ct_butterfly_unit                       | ct_butterfly_unit_104 |        385 |        385 |       0 |    0 |   184 |      0 |      0 |    0 |         14 |
|       u0_mod_add                                |           mod_add_119 |         39 |         39 |       0 |    0 |     0 |      0 |      0 |    0 |          0 |
|       u0_mod_mult_barrett                       |  mod_mult_barrett_120 |        345 |        345 |       0 |    0 |   184 |      0 |      0 |    0 |         14 |
|       u0_mod_sub                                |           mod_sub_121 |          2 |          2 |       0 |    0 |     0 |      0 |      0 |    0 |          0 |
|     u34_ct_butterfly_unit                       | ct_butterfly_unit_105 |        373 |        373 |       0 |    0 |   185 |      0 |      0 |    0 |         14 |
|       u0_mod_add                                |           mod_add_116 |         39 |         39 |       0 |    0 |     0 |      0 |      0 |    0 |          0 |
|       u0_mod_mult_barrett                       |  mod_mult_barrett_117 |        326 |        326 |       0 |    0 |   185 |      0 |      0 |    0 |         14 |
|       u0_mod_sub                                |           mod_sub_118 |          9 |          9 |       0 |    0 |     0 |      0 |      0 |    0 |          0 |
|     u35_ct_butterfly_unit                       | ct_butterfly_unit_106 |        388 |        388 |       0 |    0 |   185 |      0 |      0 |    0 |         14 |
|       u0_mod_add                                |           mod_add_113 |         39 |         39 |       0 |    0 |     0 |      0 |      0 |    0 |          0 |
|       u0_mod_mult_barrett                       |  mod_mult_barrett_114 |        349 |        349 |       0 |    0 |   185 |      0 |      0 |    0 |         14 |
|       u0_mod_sub                                |           mod_sub_115 |          0 |          0 |       0 |    0 |     0 |      0 |      0 |    0 |          0 |
|     u36_ct_butterfly_unit                       | ct_butterfly_unit_107 |        410 |        410 |       0 |    0 |   185 |      0 |      0 |    0 |         14 |
|       u0_mod_add                                |           mod_add_110 |         39 |         39 |       0 |    0 |     0 |      0 |      0 |    0 |          0 |
|       u0_mod_mult_barrett                       |  mod_mult_barrett_111 |        361 |        361 |       0 |    0 |   185 |      0 |      0 |    0 |         14 |
|       u0_mod_sub                                |           mod_sub_112 |         10 |         10 |       0 |    0 |     0 |      0 |      0 |    0 |          0 |
|     u37_ct_butterfly_unit                       | ct_butterfly_unit_108 |        386 |        386 |       0 |    0 |   185 |      0 |      0 |    0 |         14 |
|       u0_mod_add                                |               mod_add |         38 |         38 |       0 |    0 |     0 |      0 |      0 |    0 |          0 |
|       u0_mod_mult_barrett                       |  mod_mult_barrett_109 |        347 |        347 |       0 |    0 |   185 |      0 |      0 |    0 |         14 |
|       u0_mod_sub                                |               mod_sub |          1 |          1 |       0 |    0 |     0 |      0 |      0 |    0 |          0 |
+-------------------------------------------------+-----------------------+------------+------------+---------+------+-------+--------+--------+------+------------+
* Note: The sum of lower-level cells may be larger than their parent cells total, due to cross-hierarchy LUT combining


